[03Sep2025 00:01:07.879] [Server thread/INFO] [net.minecraft.server.MinecraftServer/]: nasusperro has made the advancement [Acquire Hardware]
[03Sep2025 00:01:21.611] [Server thread/INFO] [net.minecraft.world.entity.npc.Villager/]: Villager Villager['Barney'/72, l='ServerLevel[world]', x=-2.29, y=72.00, z=80.52] died, message: 'Barney hit the ground too hard'
[03Sep2025 00:01:21.612] [Server thread/INFO] [net.minecraft.world.entity.LivingEntity/]: Named entity Villager['Barney'/72, l='ServerLevel[world]', x=-2.29, y=72.00, z=80.52] died: Barney fell from a high place
[03Sep2025 00:02:15.771] [Server thread/INFO] [net.minecraft.server.MinecraftServer/]: nasusperro has made the advancement [Not Today, Thank You]
[03Sep2025 00:02:19.122] [Server thread/INFO] [net.minecraft.server.MinecraftServer/]: nasusperro has made the advancement [Monster Hunter]
[03Sep2025 00:02:51.224] [Server thread/INFO] [net.minecraft.server.MinecraftServer/]: nasusperro has made the advancement [Isn't It Iron Pick]
[03Sep2025 00:07:46.370] [Server thread/INFO] [net.minecraft.server.MinecraftServer/]: nasusperro has made the advancement [Diamonds!]
[03Sep2025 00:07:49.164] [Server thread/INFO] [net.minecraft.server.MinecraftServer/]: nasusperro has made the advancement [Alex's Caves]
[03Sep2025 00:08:34.017] [Server thread/INFO] [net.minecraft.world.entity.npc.Villager/]: Villager Villager['Dale'/34, l='ServerLevel[world]', x=48.51, y=79.00, z=71.51] died, message: 'Dale was slain by Zombie'
[03Sep2025 00:08:34.018] [Server thread/INFO] [net.minecraft.world.entity.LivingEntity/]: Named entity Villager['Dale'/34, l='ServerLevel[world]', x=48.51, y=79.00, z=71.51] died: Dale was slain by Zombie
[03Sep2025 00:09:05.272] [Server thread/INFO] [net.minecraft.server.MinecraftServer/]: nasusperro has made the advancement [Barrel Booty]
[03Sep2025 00:09:08.300] [Server thread/INFO] [net.minecraft.server.MinecraftServer/]: nasusperro has made the advancement [It Belongs in a Museum]
[03Sep2025 00:12:04.481] [Server thread/INFO] [net.minecraft.server.MinecraftServer/]: nasusperro has made the advancement [First Day]
[03Sep2025 00:14:37.184] [Server thread/INFO] [net.minecraft.server.MinecraftServer/]: nasusperro has made the advancement [Berry Nice]
[03Sep2025 00:18:10.082] [Server thread/INFO] [net.minecraft.server.MinecraftServer/]: nasusperro has made the advancement ['X' Marks the Spot]
[03Sep2025 00:19:46.359] [Server thread/INFO] [net.minecraft.world.entity.npc.Villager/]: Villager Villager['Chet'/27, l='ServerLevel[world]', x=-2.24, y=72.00, z=80.49] died, message: 'Chet hit the ground too hard'
[03Sep2025 00:19:46.360] [Server thread/INFO] [net.minecraft.world.entity.LivingEntity/]: Named entity Villager['Chet'/27, l='ServerLevel[world]', x=-2.24, y=72.00, z=80.49] died: Chet fell from a high place
[03Sep2025 00:19:55.959] [Server thread/INFO] [net.minecraft.world.entity.npc.Villager/]: Villager Villager['Krystin'/40, l='ServerLevel[world]', x=67.41, y=91.00, z=27.50] died, message: 'Krystin hit the ground too hard'
[03Sep2025 00:19:55.959] [Server thread/INFO] [net.minecraft.world.entity.LivingEntity/]: Named entity Villager['Krystin'/40, l='ServerLevel[world]', x=67.41, y=91.00, z=27.50] died: Krystin fell from a high place
[03Sep2025 00:22:32.790] [Server thread/WARN] [net.minecraft.server.network.ServerGamePacketListenerImpl/]: nasusperro moved too quickly! -10.825424610740924,-1.0,-2.7022840015344514
[03Sep2025 00:22:32.790] [Server thread/WARN] [net.minecraft.server.MinecraftServer/]: Can't keep up! Is the server overloaded? Running 4684ms or 93 ticks behind
[03Sep2025 00:23:43.731] [Server thread/INFO] [net.minecraft.server.MinecraftServer/]: nasusperro has made the advancement [Sweet Dreams]
[03Sep2025 00:30:38.027] [Server thread/INFO] [net.minecraft.server.MinecraftServer/]: nasusperro has made the advancement [Fatty Demon]
[03Sep2025 00:31:47.475] [Server thread/INFO] [net.minecraft.server.MinecraftServer/]: nasusperro has made the advancement [Vasebreaker]
[03Sep2025 00:33:56.872] [Server thread/INFO] [net.minecraft.server.MinecraftServer/]: nasusperro has reached the goal [Pouch Collector]
[03Sep2025 00:39:20.233] [Server thread/WARN] [net.minecraft.server.network.ServerGamePacketListenerImpl/]: nasusperro moved wrongly!
[03Sep2025 00:42:03.759] [Server thread/INFO] [net.minecraft.world.entity.npc.Villager/]: Villager Villager['Ricardo'/39, l='ServerLevel[world]', x=-2.25, y=72.00, z=80.49] died, message: 'Ricardo hit the ground too hard'
[03Sep2025 00:42:03.760] [Server thread/INFO] [net.minecraft.world.entity.LivingEntity/]: Named entity Villager['Ricardo'/39, l='ServerLevel[world]', x=-2.25, y=72.00, z=80.49] died: Ricardo fell from a high place
[03Sep2025 00:57:51.378] [Server thread/INFO] [net.minecraft.server.MinecraftServer/]: nasusperro has made the advancement [Business Approach]
[03Sep2025 01:07:12.782] [Server thread/WARN] [net.minecraft.server.network.ServerGamePacketListenerImpl/]: nasusperro moved wrongly!
[03Sep2025 01:08:55.721] [Server thread/INFO] [net.minecraft.server.MinecraftServer/]: nasusperro has made the advancement [Life turned out to be a comedy]
[03Sep2025 01:11:28.569] [Server thread/INFO] [net.minecraft.server.MinecraftServer/]: nasusperro has made the advancement [Good Demoman]
[03Sep2025 01:14:33.674] [Server thread/INFO] [net.minecraft.server.MinecraftServer/]: nasusperro has made the advancement [Dark Metallurgy]
[03Sep2025 01:17:44.259] [Server thread/INFO] [net.minecraft.world.entity.npc.Villager/]: Villager Villager['Christiana'/24, l='ServerLevel[world]', x=32.75, y=82.00, z=39.51] died, message: 'Christiana hit the ground too hard'
[03Sep2025 01:17:44.260] [Server thread/INFO] [net.minecraft.world.entity.LivingEntity/]: Named entity Villager['Christiana'/24, l='ServerLevel[world]', x=32.75, y=82.00, z=39.51] died: Christiana fell from a high place
[03Sep2025 01:19:38.382] [Server thread/INFO] [net.minecraft.server.MinecraftServer/]: nasusperro was shot by Mutant Skeleton
[03Sep2025 01:19:38.397] [Server thread/INFO] [com.lothrazar.simpletomb.ModTomb/]: simpletomb.message.new_grave(229, 8, -365) minecraft:overworld
[03Sep2025 01:19:45.423] [Server thread/INFO] [net.minecraft.server.network.ServerGamePacketListenerImpl/]: nasusperro lost connection: Disconnected
[03Sep2025 01:19:45.423] [Server thread/INFO] [net.minecraft.server.MinecraftServer/]: nasusperro left the game
[03Sep2025 01:19:53.570] [Server thread/INFO] [net.minecraft.server.MinecraftServer/]: Stopping the server
[03Sep2025 01:19:53.616] [Server thread/INFO] [net.minecraft.server.MinecraftServer/]: Stopping server
[03Sep2025 01:19:53.617] [Server thread/INFO] [net.minecraft.server.MinecraftServer/]: Saving players
[03Sep2025 01:19:53.617] [Server thread/INFO] [net.minecraft.server.MinecraftServer/]: Saving worlds
[03Sep2025 01:19:54.114] [Server thread/INFO] [net.minecraft.server.MinecraftServer/]: Saving chunks for level 'ServerLevel[world]'/minecraft:overworld
[03Sep2025 01:19:55.328] [Server thread/INFO] [net.minecraft.server.MinecraftServer/]: Saving chunks for level 'ServerLevel[world]'/twilightforest:twilight_forest
[03Sep2025 01:19:55.329] [Server thread/INFO] [net.minecraft.server.MinecraftServer/]: Saving chunks for level 'ServerLevel[world]'/minecraft:the_end
[03Sep2025 01:19:55.330] [Server thread/INFO] [net.minecraft.server.MinecraftServer/]: Saving chunks for level 'ServerLevel[world]'/minecraft:the_nether
[03Sep2025 01:19:55.375] [Server thread/INFO] [net.minecraft.server.MinecraftServer/]: ThreadedAnvilChunkStorage (world): All chunks are saved
[03Sep2025 01:19:55.375] [Server thread/INFO] [net.minecraft.server.MinecraftServer/]: ThreadedAnvilChunkStorage (twilight_forest): All chunks are saved
[03Sep2025 01:19:55.375] [Server thread/INFO] [net.minecraft.server.MinecraftServer/]: ThreadedAnvilChunkStorage (DIM1): All chunks are saved
[03Sep2025 01:19:55.375] [Server thread/INFO] [net.minecraft.server.MinecraftServer/]: ThreadedAnvilChunkStorage (DIM-1): All chunks are saved
[03Sep2025 01:19:55.375] [Server thread/INFO] [net.minecraft.server.MinecraftServer/]: ThreadedAnvilChunkStorage: All dimensions are saved
[03Sep2025 01:19:55.391] [Server thread/INFO] [com.yellowbrossproductions.illageandspillage.IllageAndSpillage/]: Removed entity.illageandspillage.boss_randomizer from Raids to prevent a post-mod-removal crash
[03Sep2025 01:19:55.391] [Server thread/INFO] [com.yellowbrossproductions.illageandspillage.IllageAndSpillage/]: Removed entity.illageandspillage.igniter from Raids to prevent a post-mod-removal crash
[03Sep2025 01:19:55.391] [Server thread/INFO] [com.yellowbrossproductions.illageandspillage.IllageAndSpillage/]: Removed entity.illageandspillage.engineer from Raids to prevent a post-mod-removal crash
[03Sep2025 01:19:55.391] [Server thread/INFO] [com.yellowbrossproductions.illageandspillage.IllageAndSpillage/]: Removed entity.illageandspillage.twittollager from Raids to prevent a post-mod-removal crash
[03Sep2025 01:19:55.391] [Server thread/INFO] [com.yellowbrossproductions.illageandspillage.IllageAndSpillage/]: Removed entity.illageandspillage.magispeller from Raids to prevent a post-mod-removal crash
[03Sep2025 01:19:55.391] [Server thread/INFO] [com.yellowbrossproductions.illageandspillage.IllageAndSpillage/]: Removed entity.illageandspillage.spiritcaller from Raids to prevent a post-mod-removal crash
[03Sep2025 01:19:55.392] [Server thread/INFO] [com.yellowbrossproductions.illageandspillage.IllageAndSpillage/]: Removed entity.illageandspillage.crocofang from Raids to prevent a post-mod-removal crash
[03Sep2025 01:19:55.392] [Server thread/INFO] [com.yellowbrossproductions.illageandspillage.IllageAndSpillage/]: Removed entity.illageandspillage.absorber from Raids to prevent a post-mod-removal crash
[03Sep2025 01:19:55.392] [Server thread/INFO] [com.yellowbrossproductions.illageandspillage.IllageAndSpillage/]: Removed entity.illageandspillage.preserver from Raids to prevent a post-mod-removal crash
[03Sep2025 01:19:55.392] [Server thread/INFO] [com.yellowbrossproductions.illageandspillage.IllageAndSpillage/]: Removed entity.illageandspillage.freakager from Raids to prevent a post-mod-removal crash
[03Sep2025 01:19:55.392] [Server thread/INFO] [com.yellowbrossproductions.illageandspillage.IllageAndSpillage/]: Removed entity.illageandspillage.old_freakager from Raids to prevent a post-mod-removal crash
[03Sep2025 01:19:55.392] [Server thread/INFO] [com.yellowbrossproductions.illageandspillage.IllageAndSpillage/]: Removed entity.illageandspillage.old_magispeller from Raids to prevent a post-mod-removal crash
[03Sep2025 01:19:55.419] [Server thread/INFO] [com.yellowbrossproductions.illageandspillage.IllageAndSpillage/]: Removed entity.illageandspillage.boss_randomizer from Raids to prevent a post-mod-removal crash
[03Sep2025 01:19:55.419] [Server thread/INFO] [com.yellowbrossproductions.illageandspillage.IllageAndSpillage/]: Removed entity.illageandspillage.igniter from Raids to prevent a post-mod-removal crash
[03Sep2025 01:19:55.419] [Server thread/INFO] [com.yellowbrossproductions.illageandspillage.IllageAndSpillage/]: Removed entity.illageandspillage.engineer from Raids to prevent a post-mod-removal crash
[03Sep2025 01:19:55.420] [Server thread/INFO] [com.yellowbrossproductions.illageandspillage.IllageAndSpillage/]: Removed entity.illageandspillage.twittollager from Raids to prevent a post-mod-removal crash
[03Sep2025 01:19:55.420] [Server thread/INFO] [com.yellowbrossproductions.illageandspillage.IllageAndSpillage/]: Removed entity.illageandspillage.magispeller from Raids to prevent a post-mod-removal crash
[03Sep2025 01:19:55.420] [Server thread/INFO] [com.yellowbrossproductions.illageandspillage.IllageAndSpillage/]: Removed entity.illageandspillage.spiritcaller from Raids to prevent a post-mod-removal crash
[03Sep2025 01:19:55.420] [Server thread/INFO] [com.yellowbrossproductions.illageandspillage.IllageAndSpillage/]: Removed entity.illageandspillage.crocofang from Raids to prevent a post-mod-removal crash
[03Sep2025 01:19:55.420] [Server thread/INFO] [com.yellowbrossproductions.illageandspillage.IllageAndSpillage/]: Removed entity.illageandspillage.absorber from Raids to prevent a post-mod-removal crash
[03Sep2025 01:19:55.420] [Server thread/INFO] [com.yellowbrossproductions.illageandspillage.IllageAndSpillage/]: Removed entity.illageandspillage.preserver from Raids to prevent a post-mod-removal crash
[03Sep2025 01:19:55.420] [Server thread/INFO] [com.yellowbrossproductions.illageandspillage.IllageAndSpillage/]: Removed entity.illageandspillage.freakager from Raids to prevent a post-mod-removal crash
[03Sep2025 01:19:55.420] [Server thread/INFO] [com.yellowbrossproductions.illageandspillage.IllageAndSpillage/]: Removed entity.illageandspillage.old_freakager from Raids to prevent a post-mod-removal crash
[03Sep2025 01:19:55.420] [Server thread/INFO] [com.yellowbrossproductions.illageandspillage.IllageAndSpillage/]: Removed entity.illageandspillage.old_magispeller from Raids to prevent a post-mod-removal crash
[03Sep2025 01:19:55.421] [Server thread/INFO] [com.yellowbrossproductions.illageandspillage.IllageAndSpillage/]: Removed entity.illageandspillage.boss_randomizer from Raids to prevent a post-mod-removal crash
[03Sep2025 01:19:55.421] [Server thread/INFO] [com.yellowbrossproductions.illageandspillage.IllageAndSpillage/]: Removed entity.illageandspillage.igniter from Raids to prevent a post-mod-removal crash
[03Sep2025 01:19:55.421] [Server thread/INFO] [com.yellowbrossproductions.illageandspillage.IllageAndSpillage/]: Removed entity.illageandspillage.engineer from Raids to prevent a post-mod-removal crash
[03Sep2025 01:19:55.421] [Server thread/INFO] [com.yellowbrossproductions.illageandspillage.IllageAndSpillage/]: Removed entity.illageandspillage.twittollager from Raids to prevent a post-mod-removal crash
[03Sep2025 01:19:55.421] [Server thread/INFO] [com.yellowbrossproductions.illageandspillage.IllageAndSpillage/]: Removed entity.illageandspillage.magispeller from Raids to prevent a post-mod-removal crash
[03Sep2025 01:19:55.421] [Server thread/INFO] [com.yellowbrossproductions.illageandspillage.IllageAndSpillage/]: Removed entity.illageandspillage.spiritcaller from Raids to prevent a post-mod-removal crash
[03Sep2025 01:19:55.421] [Server thread/INFO] [com.yellowbrossproductions.illageandspillage.IllageAndSpillage/]: Removed entity.illageandspillage.crocofang from Raids to prevent a post-mod-removal crash
[03Sep2025 01:19:55.421] [Server thread/INFO] [com.yellowbrossproductions.illageandspillage.IllageAndSpillage/]: Removed entity.illageandspillage.absorber from Raids to prevent a post-mod-removal crash
[03Sep2025 01:19:55.421] [Server thread/INFO] [com.yellowbrossproductions.illageandspillage.IllageAndSpillage/]: Removed entity.illageandspillage.preserver from Raids to prevent a post-mod-removal crash
[03Sep2025 01:19:55.421] [Server thread/INFO] [com.yellowbrossproductions.illageandspillage.IllageAndSpillage/]: Removed entity.illageandspillage.freakager from Raids to prevent a post-mod-removal crash
[03Sep2025 01:19:55.421] [Server thread/INFO] [com.yellowbrossproductions.illageandspillage.IllageAndSpillage/]: Removed entity.illageandspillage.old_freakager from Raids to prevent a post-mod-removal crash
[03Sep2025 01:19:55.421] [Server thread/INFO] [com.yellowbrossproductions.illageandspillage.IllageAndSpillage/]: Removed entity.illageandspillage.old_magispeller from Raids to prevent a post-mod-removal crash
[03Sep2025 01:19:55.422] [Server thread/INFO] [com.yellowbrossproductions.illageandspillage.IllageAndSpillage/]: Removed entity.illageandspillage.boss_randomizer from Raids to prevent a post-mod-removal crash
[03Sep2025 01:19:55.422] [Server thread/INFO] [com.yellowbrossproductions.illageandspillage.IllageAndSpillage/]: Removed entity.illageandspillage.igniter from Raids to prevent a post-mod-removal crash
[03Sep2025 01:19:55.422] [Server thread/INFO] [com.yellowbrossproductions.illageandspillage.IllageAndSpillage/]: Removed entity.illageandspillage.engineer from Raids to prevent a post-mod-removal crash
[03Sep2025 01:19:55.422] [Server thread/INFO] [com.yellowbrossproductions.illageandspillage.IllageAndSpillage/]: Removed entity.illageandspillage.twittollager from Raids to prevent a post-mod-removal crash
[03Sep2025 01:19:55.422] [Server thread/INFO] [com.yellowbrossproductions.illageandspillage.IllageAndSpillage/]: Removed entity.illageandspillage.magispeller from Raids to prevent a post-mod-removal crash
[03Sep2025 01:19:55.422] [Server thread/INFO] [com.yellowbrossproductions.illageandspillage.IllageAndSpillage/]: Removed entity.illageandspillage.spiritcaller from Raids to prevent a post-mod-removal crash
[03Sep2025 01:19:55.422] [Server thread/INFO] [com.yellowbrossproductions.illageandspillage.IllageAndSpillage/]: Removed entity.illageandspillage.crocofang from Raids to prevent a post-mod-removal crash
[03Sep2025 01:19:55.422] [Server thread/INFO] [com.yellowbrossproductions.illageandspillage.IllageAndSpillage/]: Removed entity.illageandspillage.absorber from Raids to prevent a post-mod-removal crash
[03Sep2025 01:19:55.423] [Server thread/INFO] [com.yellowbrossproductions.illageandspillage.IllageAndSpillage/]: Removed entity.illageandspillage.preserver from Raids to prevent a post-mod-removal crash
[03Sep2025 01:19:55.423] [Server thread/INFO] [com.yellowbrossproductions.illageandspillage.IllageAndSpillage/]: Removed entity.illageandspillage.freakager from Raids to prevent a post-mod-removal crash
[03Sep2025 01:19:55.423] [Server thread/INFO] [com.yellowbrossproductions.illageandspillage.IllageAndSpillage/]: Removed entity.illageandspillage.old_freakager from Raids to prevent a post-mod-removal crash
[03Sep2025 01:19:55.423] [Server thread/INFO] [com.yellowbrossproductions.illageandspillage.IllageAndSpillage/]: Removed entity.illageandspillage.old_magispeller from Raids to prevent a post-mod-removal crash
[03Sep2025 01:19:55.425] [Server thread/INFO] [Framework/]: Unloading server configs...
[03Sep2025 01:19:55.426] [Server thread/INFO] [Framework/]: Sending config unload event for goblintraders-entities.toml
[03Sep2025 01:19:55.428] [Server thread/INFO] [Framework/]: Finished unloading server configs
[03Sep2025 01:19:55.441] [Server thread/INFO] [journeymap/]: Loading JourneyMap Forge Configs
